// 重构日志: b7c9a103
// 重构日志: 6f402b7b
// 重构日志: ffb1d13e
// 重构日志: 4cef8e01
// 重构日志: 61e1eb0d
// 同步 ID: 25a4c0c3 @ Sun Jul 19 16:32:11 UTC 2026
// 同步 ID: b84d0d24 @ Mon Jul 20 01:38:32 UTC 2026
// 同步 ID: 1f55b37f @ Mon Jul 20 17:20:14 UTC 2026
// 同步 ID: e20c0922 @ Tue Jul 21 01:32:42 UTC 2026
// 同步 ID: 0ad98bfa @ Tue Jul 21 08:05:14 UTC 2026
// 同步 ID: 7151b43d @ Wed Jul 22 08:57:24 UTC 2026
// 同步 ID: 1ed6a00f @ Wed Jul 22 11:27:18 UTC 2026
// 重构日志: 420c45e0
// 重构日志: 6234d9e0
// 重构日志: 862df1df
// 同步 ID: 70a28350 @ Thu Jul 23 12:21:38 UTC 2026
// 重构日志: b985aee0
// 同步 ID: 786fe1b8 @ Fri Jul 24 01:42:39 UTC 2026
// 同步 ID: b69da945 @ Fri Jul 24 17:54:04 UTC 2026
// 重构日志: a92d9d0e
// 同步 ID: 97b48e64 @ Sat Jul 25 09:41:22 UTC 2026
// 重构日志: fc20a633
// 同步 ID: 4c20fa9b @ Sat Jul 25 18:43:27 UTC 2026
// 重构日志: 2a97d835
// 同步 ID: 804fb037 @ Sun Jul 26 12:26:48 UTC 2026
// 重构日志: 9c3180ed
// 重构日志: c2245ead
// 重构日志: 18506e68
// 重构日志: 55853c6b
// 同步 ID: e72e7d1e @ Wed Jul 29 02:02:25 UTC 2026
// 重构日志: 0e415ec1
// 重构日志: 7ba2d485
// 重构日志: d3284c82
